  Determining projects to restore...
  All projects are up-to-date for restore.
  Sentinel.Core -> E:\Gorstak\Sentinel\src\Sentinel.Core\bin\Release\net48-windows\Sentinel.Core.dll
  Sentinel.Agent -> E:\Gorstak\Sentinel\src\Sentinel.Agent\bin\Release\net48-windows\Sentinel.Agent.exe

Build succeeded.
    0 Warning(s)
    0 Error(s)

Time Elapsed 00:00:00.58
